=== DEBUG LOG STARTED at 2026-08-24 11:50:36 ===

[2026-08-24 11:50:36] === PAGE LOADED ===
--------------------------------------------------------------------------------
[2026-08-24 11:50:36] Session data
Array
(
    [temp_user_id] => 20
    [temp_role] => applicant
    [temp_full_name] => Christian Naze Calica
    [temp_email] => shouichikun55@gmail.com
    [temp_first_name] => Christian Naze
    [verification_code] => 279722
    [verification_expires] => 1787565486
    [remember_me] => 
    [last_resend_time] => 1787564886
    [debug_log_cleared] => 1
)

--------------------------------------------------------------------------------
[2026-08-24 17:50:37] User ID: 20, Email: shouichikun55@gmail.com
--------------------------------------------------------------------------------
[2026-08-24 17:50:37] POST request received
Array
(
    [action] => verify
    [code1] => 2
    [code2] => 7
    [code3] => 9
    [code4] => 7
    [code5] => 2
    [code6] => 2
)

--------------------------------------------------------------------------------
[2026-08-24 17:50:37] Verification attempt with code: 279722
--------------------------------------------------------------------------------
[2026-08-24 17:50:37] User from database
Array
(
    [id] => 20
    [email] => shouichikun55@gmail.com
    [password_hash] => $2y$10$JzJobGCY5uMfJPm/3.xZM..GBPOZtEFEhxr.9fN46HxNzyYDY5lvC
    [session_token] => 
    [role] => applicant
    [full_name] => Christian Naze Calica
    [first_name] => Christian Naze
    [last_name] => Calica
    [middle_initial] => S
    [suffix] => 
    [gender] => Male
    [birth_date] => 2004-12-26
    [place_of_birth] => Quezon City
    [region] => NCR - National Capital Region
    [city] => Caloocan
    [face_template] => 
    [fingerprint_template] => 
    [is_face_verified] => f
    [biometric_enabled] => f
    [biometric_verified_at] => 
    [is_active] => t
    [is_verified] => f
    [verification_code] => 279722
    [verification_expires] => 2026-08-24 09:58:06.272723
    [last_login] => 2026-08-24 09:13:54.114181
    [created_at] => 2026-08-24 08:09:55.744557
    [updated_at] => 2026-08-24 08:09:55.744557
    [phone] => 
    [profile_picture] => 
    [last_activity] => 2026-08-24 09:13:54.210211
)

--------------------------------------------------------------------------------
[2026-08-24 17:50:37] Stored code: 279722
--------------------------------------------------------------------------------
[2026-08-24 17:50:37] Stored expires (raw): 2026-08-24 09:58:06.272723
--------------------------------------------------------------------------------
[2026-08-24 17:50:37] Stored expires type: string
--------------------------------------------------------------------------------
[2026-08-24 17:50:37] Method 1 - DateTime conversion: 1787536686 (2026-08-24 09:58:06)
--------------------------------------------------------------------------------
[2026-08-24 17:50:37] === TIMESTAMP COMPARISON ===
--------------------------------------------------------------------------------
[2026-08-24 17:50:37] Current time (PHP): 1787565037 (2026-08-24 17:50:37)
--------------------------------------------------------------------------------
[2026-08-24 17:50:37] Expires timestamp: 1787536686 (2026-08-24 09:58:06)
--------------------------------------------------------------------------------
[2026-08-24 17:50:37] Time difference: -28351 seconds
--------------------------------------------------------------------------------
[2026-08-24 17:50:37] Is expired? YES
--------------------------------------------------------------------------------
[2026-08-24 17:50:37] Code matches!
--------------------------------------------------------------------------------
[2026-08-24 17:50:37] ❌ CODE EXPIRED - Time: 1787565037 > Expires: 1787536686
--------------------------------------------------------------------------------
[2026-08-24 17:50:37] Session code exists: 279722
--------------------------------------------------------------------------------
[2026-08-24 17:50:37] Session expires: 1787565486 (2026-08-24 17:58:06)
--------------------------------------------------------------------------------
[2026-08-24 17:50:37] Timer remaining: 449 seconds
--------------------------------------------------------------------------------
[2026-08-24 11:50:47] === PAGE LOADED ===
--------------------------------------------------------------------------------
[2026-08-24 11:50:47] Session data
Array
(
    [temp_user_id] => 20
    [temp_role] => applicant
    [temp_full_name] => Christian Naze Calica
    [temp_email] => shouichikun55@gmail.com
    [temp_first_name] => Christian Naze
    [verification_code] => 279722
    [verification_expires] => 1787565486
    [remember_me] => 
    [last_resend_time] => 1787564886
    [debug_log_cleared] => 1
)

--------------------------------------------------------------------------------
[2026-08-24 17:50:47] User ID: 20, Email: shouichikun55@gmail.com
--------------------------------------------------------------------------------
[2026-08-24 17:50:47] POST request received
Array
(
    [action] => resend
)

--------------------------------------------------------------------------------
[2026-08-24 17:50:47] Resend requested
--------------------------------------------------------------------------------
[2026-08-24 17:50:47] Resend result: SUCCESS
--------------------------------------------------------------------------------
[2026-08-24 17:50:47] New code: 957924
--------------------------------------------------------------------------------
[2026-08-24 17:50:47] New expiry timestamp: 1787565647 (2026-08-24 18:00:47)
--------------------------------------------------------------------------------
[2026-08-24 17:50:47] Attempting to send email to: shouichikun55@gmail.com
--------------------------------------------------------------------------------
[2026-08-24 17:50:51] Email sent successfully to: shouichikun55@gmail.com
--------------------------------------------------------------------------------
[2026-08-24 17:50:51] Email sent: YES
--------------------------------------------------------------------------------
[2026-08-24 17:50:51] Session code exists: 957924
--------------------------------------------------------------------------------
[2026-08-24 17:50:51] Session expires: 1787565647 (2026-08-24 18:00:47)
--------------------------------------------------------------------------------
[2026-08-24 17:50:51] Timer remaining: 596 seconds
--------------------------------------------------------------------------------
[2026-08-24 11:51:07] === PAGE LOADED ===
--------------------------------------------------------------------------------
[2026-08-24 11:51:07] Session data
Array
(
    [temp_user_id] => 20
    [temp_role] => applicant
    [temp_full_name] => Christian Naze Calica
    [temp_email] => shouichikun55@gmail.com
    [temp_first_name] => Christian Naze
    [verification_code] => 957924
    [verification_expires] => 1787565647
    [remember_me] => 
    [last_resend_time] => 1787565047
    [debug_log_cleared] => 1
)

--------------------------------------------------------------------------------
[2026-08-24 17:51:07] User ID: 20, Email: shouichikun55@gmail.com
--------------------------------------------------------------------------------
[2026-08-24 17:51:07] POST request received
Array
(
    [action] => verify
    [code1] => 9
    [code2] => 5
    [code3] => 7
    [code4] => 9
    [code5] => 2
    [code6] => 4
)

--------------------------------------------------------------------------------
[2026-08-24 17:51:07] Verification attempt with code: 957924
--------------------------------------------------------------------------------
[2026-08-24 17:51:08] User from database
Array
(
    [id] => 20
    [email] => shouichikun55@gmail.com
    [password_hash] => $2y$10$JzJobGCY5uMfJPm/3.xZM..GBPOZtEFEhxr.9fN46HxNzyYDY5lvC
    [session_token] => 
    [role] => applicant
    [full_name] => Christian Naze Calica
    [first_name] => Christian Naze
    [last_name] => Calica
    [middle_initial] => S
    [suffix] => 
    [gender] => Male
    [birth_date] => 2004-12-26
    [place_of_birth] => Quezon City
    [region] => NCR - National Capital Region
    [city] => Caloocan
    [face_template] => 
    [fingerprint_template] => 
    [is_face_verified] => f
    [biometric_enabled] => f
    [biometric_verified_at] => 
    [is_active] => t
    [is_verified] => f
    [verification_code] => 957924
    [verification_expires] => 2026-08-24 10:00:47.727701
    [last_login] => 2026-08-24 09:13:54.114181
    [created_at] => 2026-08-24 08:09:55.744557
    [updated_at] => 2026-08-24 08:09:55.744557
    [phone] => 
    [profile_picture] => 
    [last_activity] => 2026-08-24 09:13:54.210211
)

--------------------------------------------------------------------------------
[2026-08-24 17:51:08] Stored code: 957924
--------------------------------------------------------------------------------
[2026-08-24 17:51:08] Stored expires (raw): 2026-08-24 10:00:47.727701
--------------------------------------------------------------------------------
[2026-08-24 17:51:08] Stored expires type: string
--------------------------------------------------------------------------------
[2026-08-24 17:51:08] Method 1 - DateTime conversion: 1787536847 (2026-08-24 10:00:47)
--------------------------------------------------------------------------------
[2026-08-24 17:51:08] === TIMESTAMP COMPARISON ===
--------------------------------------------------------------------------------
[2026-08-24 17:51:08] Current time (PHP): 1787565068 (2026-08-24 17:51:08)
--------------------------------------------------------------------------------
[2026-08-24 17:51:08] Expires timestamp: 1787536847 (2026-08-24 10:00:47)
--------------------------------------------------------------------------------
[2026-08-24 17:51:08] Time difference: -28221 seconds
--------------------------------------------------------------------------------
[2026-08-24 17:51:08] Is expired? YES
--------------------------------------------------------------------------------
[2026-08-24 17:51:08] Code matches!
--------------------------------------------------------------------------------
[2026-08-24 17:51:08] ❌ CODE EXPIRED - Time: 1787565068 > Expires: 1787536847
--------------------------------------------------------------------------------
[2026-08-24 17:51:08] Session code exists: 957924
--------------------------------------------------------------------------------
[2026-08-24 17:51:08] Session expires: 1787565647 (2026-08-24 18:00:47)
--------------------------------------------------------------------------------
[2026-08-24 17:51:08] Timer remaining: 579 seconds
--------------------------------------------------------------------------------
