[2026-08-01 19:43:25] Starting pending applicants check...
[2026-08-01 19:43:25] Found 2 pending applicants to process.
[2026-08-01 19:43:25] Processing: applicant@ismers.com (Waiting: 28 days)
[2026-08-01 19:43:29]   ✅ Database updated for: applicant@ismers.com
[2026-08-01 19:43:29]   ✅ Hold notification sent to: applicant@ismers.com
[2026-08-01 19:43:29] Processing: arvycalica@gmail.com (Waiting: 23 days)
[2026-08-01 19:43:34]   ✅ Database updated for: arvycalica@gmail.com
[2026-08-01 19:43:34]   ✅ Hold notification sent to: arvycalica@gmail.com
[2026-08-01 19:43:34] 
📊 Summary: Processed: 2, Success: 2, Errors: 0, Auto-Rejected: 2
[2026-08-01 19:43:34] Completed.

[2026-08-01 19:57:11] Starting pending applicants check...
[2026-08-01 19:57:11] Found 0 pending applicants to process.
[2026-08-01 19:57:11] 
📊 Summary: Processed: 0, Success: 0, Errors: 0, Auto-Rejected: 0
[2026-08-01 19:57:11] Completed.

[2026-08-01 19:57:18] Starting pending applicants check...
[2026-08-01 19:57:18] Found 0 pending applicants to process.
[2026-08-01 19:57:18] 
📊 Summary: Processed: 0, Success: 0, Errors: 0, Auto-Rejected: 0
[2026-08-01 19:57:18] Completed.

[2026-08-01 19:57:18] Starting pending applicants check...
[2026-08-01 19:57:18] Found 0 pending applicants to process.
[2026-08-01 19:57:18] 
📊 Summary: Processed: 0, Success: 0, Errors: 0, Auto-Rejected: 0
[2026-08-01 19:57:18] Completed.

[2026-08-01 19:57:19] Starting pending applicants check...
[2026-08-01 19:57:19] Found 0 pending applicants to process.
[2026-08-01 19:57:19] 
📊 Summary: Processed: 0, Success: 0, Errors: 0, Auto-Rejected: 0
[2026-08-01 19:57:19] Completed.

[2026-08-01 19:57:19] Starting pending applicants check...
[2026-08-01 19:57:19] Found 0 pending applicants to process.
[2026-08-01 19:57:19] 
📊 Summary: Processed: 0, Success: 0, Errors: 0, Auto-Rejected: 0
[2026-08-01 19:57:19] Completed.

[2026-08-01 19:57:19] Starting pending applicants check...
[2026-08-01 19:57:19] Found 0 pending applicants to process.
[2026-08-01 19:57:19] 
📊 Summary: Processed: 0, Success: 0, Errors: 0, Auto-Rejected: 0
[2026-08-01 19:57:19] Completed.

[2026-08-01 19:57:19] Starting pending applicants check...
[2026-08-01 19:57:19] Found 0 pending applicants to process.
[2026-08-01 19:57:19] 
📊 Summary: Processed: 0, Success: 0, Errors: 0, Auto-Rejected: 0
[2026-08-01 19:57:19] Completed.

[2026-08-01 19:57:19] Starting pending applicants check...
[2026-08-01 19:57:19] Found 0 pending applicants to process.
[2026-08-01 19:57:19] 
📊 Summary: Processed: 0, Success: 0, Errors: 0, Auto-Rejected: 0
[2026-08-01 19:57:19] Completed.

[2026-08-01 19:57:19] Starting pending applicants check...
[2026-08-01 19:57:19] Found 0 pending applicants to process.
[2026-08-01 19:57:19] 
📊 Summary: Processed: 0, Success: 0, Errors: 0, Auto-Rejected: 0
[2026-08-01 19:57:19] Completed.

[2026-08-01 19:57:19] Starting pending applicants check...
[2026-08-01 19:57:19] Found 0 pending applicants to process.
[2026-08-01 19:57:19] 
📊 Summary: Processed: 0, Success: 0, Errors: 0, Auto-Rejected: 0
[2026-08-01 19:57:19] Completed.

[2026-08-01 19:57:20] Starting pending applicants check...
[2026-08-01 19:57:20] Found 0 pending applicants to process.
[2026-08-01 19:57:20] 
📊 Summary: Processed: 0, Success: 0, Errors: 0, Auto-Rejected: 0
[2026-08-01 19:57:20] Completed.

[2026-08-01 19:57:20] Starting pending applicants check...
[2026-08-01 19:57:20] Found 0 pending applicants to process.
[2026-08-01 19:57:20] 
📊 Summary: Processed: 0, Success: 0, Errors: 0, Auto-Rejected: 0
[2026-08-01 19:57:20] Completed.

[2026-08-01 19:57:20] Starting pending applicants check...
[2026-08-01 19:57:20] Found 0 pending applicants to process.
[2026-08-01 19:57:20] 
📊 Summary: Processed: 0, Success: 0, Errors: 0, Auto-Rejected: 0
[2026-08-01 19:57:20] Completed.

[2026-08-01 19:57:20] Starting pending applicants check...
[2026-08-01 19:57:20] Found 0 pending applicants to process.
[2026-08-01 19:57:20] 
📊 Summary: Processed: 0, Success: 0, Errors: 0, Auto-Rejected: 0
[2026-08-01 19:57:20] Completed.

[2026-08-01 19:57:20] Starting pending applicants check...
[2026-08-01 19:57:20] Found 0 pending applicants to process.
[2026-08-01 19:57:20] 
📊 Summary: Processed: 0, Success: 0, Errors: 0, Auto-Rejected: 0
[2026-08-01 19:57:20] Completed.

[2026-08-01 19:57:20] Starting pending applicants check...
[2026-08-01 19:57:20] Found 0 pending applicants to process.
[2026-08-01 19:57:20] 
📊 Summary: Processed: 0, Success: 0, Errors: 0, Auto-Rejected: 0
[2026-08-01 19:57:20] Completed.

[2026-08-01 19:57:21] Starting pending applicants check...
[2026-08-01 19:57:21] Found 0 pending applicants to process.
[2026-08-01 19:57:21] 
📊 Summary: Processed: 0, Success: 0, Errors: 0, Auto-Rejected: 0
[2026-08-01 19:57:21] Completed.

[2026-08-01 19:57:21] Starting pending applicants check...
[2026-08-01 19:57:21] Found 0 pending applicants to process.
[2026-08-01 19:57:21] 
📊 Summary: Processed: 0, Success: 0, Errors: 0, Auto-Rejected: 0
[2026-08-01 19:57:21] Completed.

[2026-08-01 19:57:21] Starting pending applicants check...
[2026-08-01 19:57:21] Found 0 pending applicants to process.
[2026-08-01 19:57:21] 
📊 Summary: Processed: 0, Success: 0, Errors: 0, Auto-Rejected: 0
[2026-08-01 19:57:21] Completed.

[2026-08-01 19:57:21] Starting pending applicants check...
[2026-08-01 19:57:21] Found 0 pending applicants to process.
[2026-08-01 19:57:21] 
📊 Summary: Processed: 0, Success: 0, Errors: 0, Auto-Rejected: 0
[2026-08-01 19:57:21] Completed.

[2026-08-01 19:57:21] Starting pending applicants check...
[2026-08-01 19:57:21] Found 0 pending applicants to process.
[2026-08-01 19:57:21] 
📊 Summary: Processed: 0, Success: 0, Errors: 0, Auto-Rejected: 0
[2026-08-01 19:57:21] Completed.

[2026-08-01 20:17:38] Starting pending applicants check...
[2026-08-01 20:17:38] Found 0 pending applicants to process.
[2026-08-01 20:17:38] 
📊 Summary: Processed: 0, Success: 0, Errors: 0, Auto-Rejected: 0
[2026-08-01 20:17:38] Completed.

